******************************************************************************
                  TI ARM Linker PC v20.2.4                     
******************************************************************************
>> Linked Sat Dec 11 15:48:55 2021

OUTPUT FILE NAME:   <homework3.out>
ENTRY POINT SYMBOL: "_c_int00_noargs"  address: 00000895


MEMORY CONFIGURATION

         name            origin    length      used     unused   attr    fill
----------------------  --------  ---------  --------  --------  ----  --------
  MAIN                  00000000   00040000  00000958  0003f6a8  R  X
  INFO                  00200000   00004000  00000000  00004000  R  X
  SRAM_CODE             01000000   00010000  0000021c  0000fde4  RW X
  SRAM_DATA             20000000   00010000  0000021c  0000fde4  RW  


SEGMENT ALLOCATION MAP

run origin  load origin   length   init length attrs members
----------  ----------- ---------- ----------- ----- -------
00000000    00000000    00000958   00000958    r-x
  00000000    00000000    000000e4   000000e4    r-- .intvecs
  000000e4    000000e4    00000854   00000854    r-x .text
  00000938    00000938    00000020   00000020    r-- .cinit
20000000    20000000    0000001c   00000000    rw-
  20000000    20000000    0000001c   00000000    rw- .data
2000fe00    2000fe00    00000200   00000000    rw-
  2000fe00    2000fe00    00000200   00000000    rw- .stack


SECTION ALLOCATION MAP

 output                                  attributes/
section   page    origin      length       input sections
--------  ----  ----------  ----------   ----------------
.intvecs   0    00000000    000000e4     
                  00000000    000000e4     startup_msp432p401r_ccs.obj (.intvecs:retain)

.text      0    000000e4    00000854     
                  000000e4    00000334     system_msp432p401r.obj (.text)
                  00000418    00000180     clock.obj (.text)
                  00000598    000000cc     task2.obj (.text)
                  00000664    000000a0     task3aux.obj (.text)
                  00000704    0000009c     rtsv7M4_T_le_v4SPD16_eabi.lib : memcpy_t2.asm.obj (.text)
                  000007a0    00000068                                   : copy_decompress_lzss.c.obj (.text:decompress:lzss:__TI_decompress_lzss)
                  00000808    00000046     task1.obj (.text)
                  0000084e    00000002     --HOLE-- [fill = 0]
                  00000850    00000044     rtsv7M4_T_le_v4SPD16_eabi.lib : autoinit.c.obj (.text:__TI_auto_init_nobinit_nopinit:__TI_auto_init_nobinit_nopinit)
                  00000894    00000034                                   : boot_cortex_m.c.obj (.text:_c_int00_noargs:_c_int00_noargs)
                  000008c8    00000026     task3.obj (.text)
                  000008ee    00000002     --HOLE-- [fill = 0]
                  000008f0    00000024     main.obj (.text)
                  00000914    0000000e     rtsv7M4_T_le_v4SPD16_eabi.lib : copy_decompress_none.c.obj (.text:decompress:none:__TI_decompress_none)
                  00000922    0000000e     startup_msp432p401r_ccs.obj (.text)
                  00000930    00000004     rtsv7M4_T_le_v4SPD16_eabi.lib : pre_init.c.obj (.text:_system_pre_init)
                  00000934    00000004                                   : exit.c.obj (.text:abort:abort)

.cinit     0    00000938    00000020     
                  00000938    0000000d     (.cinit..data.load) [load image, compression = lzss]
                  00000945    00000003     --HOLE-- [fill = 0]
                  00000948    00000008     (__TI_handler_table)
                  00000950    00000008     (__TI_cinit_table)

.init_array 
*          0    00000000    00000000     UNINITIALIZED

.binit     0    00000000    00000000     

.data      0    20000000    0000001c     UNINITIALIZED
                  20000000    00000018     clock.obj (.data)
                  20000018    00000004     system_msp432p401r.obj (.data)

.stack     0    2000fe00    00000200     UNINITIALIZED
                  2000fe00    00000004     rtsv7M4_T_le_v4SPD16_eabi.lib : boot_cortex_m.c.obj (.stack)
                  2000fe04    000001fc     --HOLE--

__llvm_prf_cnts 
*          0    20000000    00000000     UNINITIALIZED

MODULE SUMMARY

       Module                        code   ro data   rw data
       ------                        ----   -------   -------
    .\
       system_msp432p401r.obj        820    0         8      
       startup_msp432p401r_ccs.obj   14     228       0      
       main.obj                      36     0         0      
    +--+-----------------------------+------+---------+---------+
       Total:                        870    228       8      
                                                             
    .\inc\
       clock.obj                     384    0         48     
    +--+-----------------------------+------+---------+---------+
       Total:                        384    0         48     
                                                             
    .\tasks\
       task2.obj                     204    0         0      
       task3aux.obj                  160    0         0      
       task1.obj                     70     0         0      
       task3.obj                     38     0         0      
    +--+-----------------------------+------+---------+---------+
       Total:                        472    0         0      
                                                             
    C:\ti\ccs1031\ccs\tools\compiler\ti-cgt-arm_20.2.4.LTS\lib\rtsv7M4_T_le_v4SPD16_eabi.lib
       memcpy_t2.asm.obj             156    0         0      
       copy_decompress_lzss.c.obj    104    0         0      
       autoinit.c.obj                68     0         0      
       boot_cortex_m.c.obj           52     0         0      
       copy_decompress_none.c.obj    14     0         0      
       exit.c.obj                    4      0         0      
       pre_init.c.obj                4      0         0      
    +--+-----------------------------+------+---------+---------+
       Total:                        402    0         0      
                                                             
       Stack:                        0      0         1024   
       Linker Generated:             0      29        0      
    +--+-----------------------------+------+---------+---------+
       Grand Total:                  2128   257       1080   


LINKER GENERATED COPY TABLES

__TI_cinit_table @ 00000950 records: 1, size/record: 8, table size: 8
	.data: load addr=00000938, load size=0000000d bytes, run addr=20000000, run size=0000001c bytes, compression=lzss


LINKER GENERATED HANDLER TABLE

__TI_handler_table @ 00000948 records: 2, size/record: 4, table size: 8
	index: 0, handler: __TI_decompress_lzss
	index: 1, handler: __TI_decompress_none


GLOBAL SYMBOLS: SORTED ALPHABETICALLY BY Name 

address   name                          
-------   ----                          
0000092f  ADC14_IRQHandler              
0000092f  AES256_IRQHandler             
0000092f  BusFault_Handler              
00000935  C$$EXIT                       
0000092f  COMP_E0_IRQHandler            
0000092f  COMP_E1_IRQHandler            
20000008  CPMwait                       
0000092f  CS_IRQHandler                 
20000000  ClockFrequency                
0000052f  Clock_GetFreq                 
00000419  Clock_Init48MHz               
20000014  Crystalstable                 
0000092f  DMA_ERR_IRQHandler            
0000092f  DMA_INT0_IRQHandler           
0000092f  DMA_INT1_IRQHandler           
0000092f  DMA_INT2_IRQHandler           
0000092f  DMA_INT3_IRQHandler           
0000092f  DebugMon_Handler              
0000092f  Default_Handler               
0000092f  EUSCIA0_IRQHandler            
0000092f  EUSCIA1_IRQHandler            
0000092f  EUSCIA2_IRQHandler            
0000092f  EUSCIA3_IRQHandler            
0000092f  EUSCIB0_IRQHandler            
0000092f  EUSCIB1_IRQHandler            
0000092f  EUSCIB2_IRQHandler            
0000092f  EUSCIB3_IRQHandler            
0000092f  FLCTL_IRQHandler              
0000092f  FPU_IRQHandler                
0000092f  HardFault_Handler             
20000010  IFlags                        
0000092f  MemManage_Handler             
0000092f  NMI_Handler                   
0000092f  PCM_IRQHandler                
0000092f  PORT1_IRQHandler              
0000092f  PORT2_IRQHandler              
0000092f  PORT3_IRQHandler              
0000092f  PORT4_IRQHandler              
0000092f  PORT5_IRQHandler              
0000092f  PORT6_IRQHandler              
0000092f  PSS_IRQHandler                
0000092f  PendSV_Handler                
2000000c  Postwait                      
20000004  Prewait                       
0000092f  RTC_C_IRQHandler              
00000923  Reset_Handler                 
0000092f  SVC_Handler                   
0000092f  SysTick_Handler               
20000018  SystemCoreClock               
000000e5  SystemCoreClockUpdate         
0000035d  SystemInit                    
0000092f  T32_INT1_IRQHandler           
0000092f  T32_INT2_IRQHandler           
0000092f  T32_INTC_IRQHandler           
0000092f  TA0_0_IRQHandler              
0000092f  TA0_N_IRQHandler              
0000092f  TA1_0_IRQHandler              
0000092f  TA1_N_IRQHandler              
0000092f  TA2_0_IRQHandler              
0000092f  TA2_N_IRQHandler              
0000092f  TA3_0_IRQHandler              
0000092f  TA3_N_IRQHandler              
0000092f  UsageFault_Handler            
4000480c  WDTCTL_SYM                    
0000092f  WDT_A_IRQHandler              
20010000  __STACK_END                   
00000200  __STACK_SIZE                  
00000950  __TI_CINIT_Base               
00000958  __TI_CINIT_Limit              
00000948  __TI_Handler_Table_Base       
00000950  __TI_Handler_Table_Limit      
00000851  __TI_auto_init_nobinit_nopinit
000007a1  __TI_decompress_lzss          
00000915  __TI_decompress_none          
ffffffff  __TI_pprof_out_hndl           
ffffffff  __TI_prof_data_size           
ffffffff  __TI_prof_data_start          
00000000  __TI_static_base__            
00000705  __aeabi_memcpy                
00000705  __aeabi_memcpy4               
00000705  __aeabi_memcpy8               
ffffffff  __binit__                     
ffffffff  __c_args__                    
UNDEFED   __mpu_init                    
2000fe00  __stack                       
20000000  __start___llvm_prf_cnts       
20000000  __stop___llvm_prf_cnts        
00000895  _c_int00_noargs               
UNDEFED   _system_post_cinit            
00000931  _system_pre_init              
00000935  abort                         
ffffffff  binit                         
000006a7  buttonInit                    
000006db  checkS1                       
000006eb  checkS2                       
000008c9  christmasLights               
00000599  delay                         
00000000  interruptVectors              
00000665  led2Init                      
00000695  led2Out                       
000008f1  main                          
00000705  memcpy                        
00000809  rngCycle                      
000005ff  sos                           


GLOBAL SYMBOLS: SORTED BY Symbol Address 

address   name                          
-------   ----                          
00000000  __TI_static_base__            
00000000  interruptVectors              
000000e5  SystemCoreClockUpdate         
00000200  __STACK_SIZE                  
0000035d  SystemInit                    
00000419  Clock_Init48MHz               
0000052f  Clock_GetFreq                 
00000599  delay                         
000005ff  sos                           
00000665  led2Init                      
00000695  led2Out                       
000006a7  buttonInit                    
000006db  checkS1                       
000006eb  checkS2                       
00000705  __aeabi_memcpy                
00000705  __aeabi_memcpy4               
00000705  __aeabi_memcpy8               
00000705  memcpy                        
000007a1  __TI_decompress_lzss          
00000809  rngCycle                      
00000851  __TI_auto_init_nobinit_nopinit
00000895  _c_int00_noargs               
000008c9  christmasLights               
000008f1  main                          
00000915  __TI_decompress_none          
00000923  Reset_Handler                 
0000092f  ADC14_IRQHandler              
0000092f  AES256_IRQHandler             
0000092f  BusFault_Handler              
0000092f  COMP_E0_IRQHandler            
0000092f  COMP_E1_IRQHandler            
0000092f  CS_IRQHandler                 
0000092f  DMA_ERR_IRQHandler            
0000092f  DMA_INT0_IRQHandler           
0000092f  DMA_INT1_IRQHandler           
0000092f  DMA_INT2_IRQHandler           
0000092f  DMA_INT3_IRQHandler           
0000092f  DebugMon_Handler              
0000092f  Default_Handler               
0000092f  EUSCIA0_IRQHandler            
0000092f  EUSCIA1_IRQHandler            
0000092f  EUSCIA2_IRQHandler            
0000092f  EUSCIA3_IRQHandler            
0000092f  EUSCIB0_IRQHandler            
0000092f  EUSCIB1_IRQHandler            
0000092f  EUSCIB2_IRQHandler            
0000092f  EUSCIB3_IRQHandler            
0000092f  FLCTL_IRQHandler              
0000092f  FPU_IRQHandler                
0000092f  HardFault_Handler             
0000092f  MemManage_Handler             
0000092f  NMI_Handler                   
0000092f  PCM_IRQHandler                
0000092f  PORT1_IRQHandler              
0000092f  PORT2_IRQHandler              
0000092f  PORT3_IRQHandler              
0000092f  PORT4_IRQHandler              
0000092f  PORT5_IRQHandler              
0000092f  PORT6_IRQHandler              
0000092f  PSS_IRQHandler                
0000092f  PendSV_Handler                
0000092f  RTC_C_IRQHandler              
0000092f  SVC_Handler                   
0000092f  SysTick_Handler               
0000092f  T32_INT1_IRQHandler           
0000092f  T32_INT2_IRQHandler           
0000092f  T32_INTC_IRQHandler           
0000092f  TA0_0_IRQHandler              
0000092f  TA0_N_IRQHandler              
0000092f  TA1_0_IRQHandler              
0000092f  TA1_N_IRQHandler              
0000092f  TA2_0_IRQHandler              
0000092f  TA2_N_IRQHandler              
0000092f  TA3_0_IRQHandler              
0000092f  TA3_N_IRQHandler              
0000092f  UsageFault_Handler            
0000092f  WDT_A_IRQHandler              
00000931  _system_pre_init              
00000935  C$$EXIT                       
00000935  abort                         
00000948  __TI_Handler_Table_Base       
00000950  __TI_CINIT_Base               
00000950  __TI_Handler_Table_Limit      
00000958  __TI_CINIT_Limit              
20000000  ClockFrequency                
20000000  __start___llvm_prf_cnts       
20000000  __stop___llvm_prf_cnts        
20000004  Prewait                       
20000008  CPMwait                       
2000000c  Postwait                      
20000010  IFlags                        
20000014  Crystalstable                 
20000018  SystemCoreClock               
2000fe00  __stack                       
20010000  __STACK_END                   
4000480c  WDTCTL_SYM                    
ffffffff  __TI_pprof_out_hndl           
ffffffff  __TI_prof_data_size           
ffffffff  __TI_prof_data_start          
ffffffff  __binit__                     
ffffffff  __c_args__                    
ffffffff  binit                         
UNDEFED   __mpu_init                    
UNDEFED   _system_post_cinit            

[104 symbols]
