******************************************************************************
                  TI ARM Linker PC v20.2.7                     
******************************************************************************
>> Linked Thu Feb 27 00:11:10 2025

OUTPUT FILE NAME:   <project5_template.out>
ENTRY POINT SYMBOL: "_c_int00_noargs"  address: 00000cf5


MEMORY CONFIGURATION

         name            origin    length      used     unused   attr    fill
----------------------  --------  ---------  --------  --------  ----  --------
  MAIN                  00000000   00040000  00000d70  0003f290  R  X
  INFO                  00200000   00004000  00000000  00004000  R  X
  SRAM_CODE             01000000   00010000  00000224  0000fddc  RW X
  SRAM_DATA             20000000   00010000  00000224  0000fddc  RW  


SEGMENT ALLOCATION MAP

run origin  load origin   length   init length attrs members
----------  ----------- ---------- ----------- ----- -------
00000000    00000000    00000d74   00000d74    r-x
  00000000    00000000    000000e4   000000e4    r-- .intvecs
  000000e4    000000e4    00000c68   00000c68    r-x .text
  00000d50    00000d50    00000024   00000024    r-- .cinit
20000000    20000000    00000024   00000000    rw-
  20000000    20000000    00000024   00000000    rw- .data
2000fe00    2000fe00    00000200   00000000    rw-
  2000fe00    2000fe00    00000200   00000000    rw- .stack


SECTION ALLOCATION MAP

 output                                  attributes/
section   page    origin      length       input sections
--------  ----  ----------  ----------   ----------------
.intvecs   0    00000000    000000e4     
                  00000000    000000e4     startup_msp432p401r_ccs.obj (.intvecs:retain)

.text      0    000000e4    00000c68     
                  000000e4    00000334     system_msp432p401r.obj (.text)
                  00000418    0000023c     controller.obj (.text)
                  00000654    00000180     clock.obj (.text)
                  000007d4    00000170     reflectance.obj (.text)
                  00000944    0000014c     timerA0.obj (.text)
                  00000a90    000000a4     bumper.obj (.text)
                  00000b34    0000009c     rtsv7M4_T_le_v4SPD16_eabi.lib : memcpy_t2.asm.obj (.text)
                  00000bd0    00000068                                   : copy_decompress_lzss.c.obj (.text:decompress:lzss:__TI_decompress_lzss)
                  00000c38    00000044                                   : autoinit.c.obj (.text:__TI_auto_init_nobinit_nopinit:__TI_auto_init_nobinit_nopinit)
                  00000c7c    00000040     button.obj (.text)
                  00000cbc    00000038     main.obj (.text)
                  00000cf4    00000034     rtsv7M4_T_le_v4SPD16_eabi.lib : boot_cortex_m.c.obj (.text:_c_int00_noargs:_c_int00_noargs)
                  00000d28    0000000e                                   : copy_decompress_none.c.obj (.text:decompress:none:__TI_decompress_none)
                  00000d36    0000000e     startup_msp432p401r_ccs.obj (.text)
                  00000d44    00000004     rtsv7M4_T_le_v4SPD16_eabi.lib : pre_init.c.obj (.text:_system_pre_init)
                  00000d48    00000004                                   : exit.c.obj (.text:abort:abort)

.cinit     0    00000d50    00000024     
                  00000d50    00000014     (.cinit..data.load) [load image, compression = lzss]
                  00000d64    00000008     (__TI_handler_table)
                  00000d6c    00000008     (__TI_cinit_table)

.init_array 
*          0    00000000    00000000     UNINITIALIZED

.binit     0    00000000    00000000     

.data      0    20000000    00000024     UNINITIALIZED
                  20000000    00000018     clock.obj (.data)
                  20000018    00000008     controller.obj (.data)
                  20000020    00000004     system_msp432p401r.obj (.data)

.stack     0    2000fe00    00000200     UNINITIALIZED
                  2000fe00    00000004     rtsv7M4_T_le_v4SPD16_eabi.lib : boot_cortex_m.c.obj (.stack)
                  2000fe04    000001fc     --HOLE--

__llvm_prf_cnts 
*          0    20000000    00000000     UNINITIALIZED

MODULE SUMMARY

       Module                        code   ro data   rw data
       ------                        ----   -------   -------
    .\
       system_msp432p401r.obj        820    0         8      
       startup_msp432p401r_ccs.obj   14     228       0      
       main.obj                      56     0         0      
    +--+-----------------------------+------+---------+---------+
       Total:                        890    228       8      
                                                             
    .\code\
       controller.obj                572    0         16     
       reflectance.obj               368    0         0      
       timerA0.obj                   332    0         0      
       bumper.obj                    164    0         0      
       button.obj                    64     0         0      
    +--+-----------------------------+------+---------+---------+
       Total:                        1500   0         16     
                                                             
    .\inc\
       clock.obj                     384    0         48     
    +--+-----------------------------+------+---------+---------+
       Total:                        384    0         48     
                                                             
    C:\ti\ccs1281\ccs\tools\compiler\ti-cgt-arm_20.2.7.LTS\lib\rtsv7M4_T_le_v4SPD16_eabi.lib
       memcpy_t2.asm.obj             156    0         0      
       copy_decompress_lzss.c.obj    104    0         0      
       autoinit.c.obj                68     0         0      
       boot_cortex_m.c.obj           52     0         0      
       copy_decompress_none.c.obj    14     0         0      
       exit.c.obj                    4      0         0      
       pre_init.c.obj                4      0         0      
    +--+-----------------------------+------+---------+---------+
       Total:                        402    0         0      
                                                             
       Stack:                        0      0         1024   
       Linker Generated:             0      36        0      
    +--+-----------------------------+------+---------+---------+
       Grand Total:                  3176   264       1096   


LINKER GENERATED COPY TABLES

__TI_cinit_table @ 00000d6c records: 1, size/record: 8, table size: 8
	.data: load addr=00000d50, load size=00000014 bytes, run addr=20000000, run size=00000024 bytes, compression=lzss


LINKER GENERATED HANDLER TABLE

__TI_handler_table @ 00000d64 records: 2, size/record: 4, table size: 8
	index: 0, handler: __TI_decompress_lzss
	index: 1, handler: __TI_decompress_none


GLOBAL SYMBOLS: SORTED ALPHABETICALLY BY Name 

address   name                          
-------   ----                          
00000d43  ADC14_IRQHandler              
00000d43  AES256_IRQHandler             
00000d43  BusFault_Handler              
00000d49  C$$EXIT                       
00000d43  COMP_E0_IRQHandler            
00000d43  COMP_E1_IRQHandler            
20000008  CPMwait                       
00000d43  CS_IRQHandler                 
20000000  ClockFrequency                
0000076b  Clock_GetFreq                 
00000655  Clock_Init48MHz               
20000014  Crystalstable                 
00000d43  DMA_ERR_IRQHandler            
00000d43  DMA_INT0_IRQHandler           
00000d43  DMA_INT1_IRQHandler           
00000d43  DMA_INT2_IRQHandler           
00000d43  DMA_INT3_IRQHandler           
00000d43  DebugMon_Handler              
00000d43  Default_Handler               
00000d43  EUSCIA0_IRQHandler            
00000d43  EUSCIA1_IRQHandler            
00000d43  EUSCIA2_IRQHandler            
00000d43  EUSCIA3_IRQHandler            
00000d43  EUSCIB0_IRQHandler            
00000d43  EUSCIB1_IRQHandler            
00000d43  EUSCIB2_IRQHandler            
00000d43  EUSCIB3_IRQHandler            
00000d43  FLCTL_IRQHandler              
00000d43  FPU_IRQHandler                
00000d43  HardFault_Handler             
20000010  IFlags                        
00000d43  MemManage_Handler             
00000d43  NMI_Handler                   
00000d43  PCM_IRQHandler                
00000d43  PORT1_IRQHandler              
00000d43  PORT2_IRQHandler              
00000d43  PORT3_IRQHandler              
00000419  PORT4_IRQHandler              
00000419  PORT4_IRQHandler              
00000d43  PORT5_IRQHandler              
00000d43  PORT6_IRQHandler              
00000d43  PSS_IRQHandler                
00000d43  PendSV_Handler                
2000000c  Postwait                      
20000004  Prewait                       
00000d43  RTC_C_IRQHandler              
00000d37  Reset_Handler                 
00000d43  SVC_Handler                   
00000915  SysTick_05s                   
0000092b  SysTick_05s_var               
00000d43  SysTick_Handler               
000008eb  SysTick_var                   
20000020  SystemCoreClock               
000000e5  SystemCoreClockUpdate         
0000035d  SystemInit                    
00000d43  T32_INT1_IRQHandler           
00000d43  T32_INT2_IRQHandler           
00000d43  T32_INTC_IRQHandler           
00000467  TA0_0_IRQHandler              
00000467  TA0_0_IRQHandler              
00000d43  TA0_N_IRQHandler              
00000d43  TA1_0_IRQHandler              
00000d43  TA1_N_IRQHandler              
00000d43  TA2_0_IRQHandler              
00000d43  TA2_N_IRQHandler              
00000d43  TA3_0_IRQHandler              
00000d43  TA3_N_IRQHandler              
00000d43  UsageFault_Handler            
4000480c  WDTCTL_SYM                    
00000d43  WDT_A_IRQHandler              
20010000  __STACK_END                   
00000200  __STACK_SIZE                  
00000d6c  __TI_CINIT_Base               
00000d74  __TI_CINIT_Limit              
00000d64  __TI_Handler_Table_Base       
00000d6c  __TI_Handler_Table_Limit      
00000c39  __TI_auto_init_nobinit_nopinit
00000bd1  __TI_decompress_lzss          
00000d29  __TI_decompress_none          
ffffffff  __TI_pprof_out_hndl           
ffffffff  __TI_prof_data_size           
ffffffff  __TI_prof_data_start          
00000000  __TI_static_base__            
00000b35  __aeabi_memcpy                
00000b35  __aeabi_memcpy4               
00000b35  __aeabi_memcpy8               
ffffffff  __binit__                     
ffffffff  __c_args__                    
UNDEFED   __mpu_init                    
2000fe00  __stack                       
20000000  __start___llvm_prf_cnts       
20000000  __stop___llvm_prf_cnts        
00000cf5  _c_int00_noargs               
UNDEFED   _system_post_cinit            
00000d45  _system_pre_init              
00000d49  abort                         
20000018  active                        
00000473  adaptMotors                   
0000061b  awaitButtonS2Press            
ffffffff  binit                         
00000a91  bumpersInit                   
00000c7d  buttonS2Init                  
20000019  collisionCounter              
00000583  executeRoutine                
2000001a  fixingRoutine                 
0000053f  handleCollision               
00000000  interruptVectors              
00000cbd  main                          
00000b35  memcpy                        
000009ed  pinInit                       
000007d5  reflectanceInit               
0000085f  reflectanceRead               
00000999  setLeftMotorSpeed             
000009b5  setMotorActivation            
000009d1  setMotorDirection             
000009a7  setRightMotorSpeed            
00000945  timerA0Init                   


GLOBAL SYMBOLS: SORTED BY Symbol Address 

address   name                          
-------   ----                          
00000000  __TI_static_base__            
00000000  interruptVectors              
000000e5  SystemCoreClockUpdate         
00000200  __STACK_SIZE                  
0000035d  SystemInit                    
00000419  PORT4_IRQHandler              
00000419  PORT4_IRQHandler              
00000467  TA0_0_IRQHandler              
00000467  TA0_0_IRQHandler              
00000473  adaptMotors                   
0000053f  handleCollision               
00000583  executeRoutine                
0000061b  awaitButtonS2Press            
00000655  Clock_Init48MHz               
0000076b  Clock_GetFreq                 
000007d5  reflectanceInit               
0000085f  reflectanceRead               
000008eb  SysTick_var                   
00000915  SysTick_05s                   
0000092b  SysTick_05s_var               
00000945  timerA0Init                   
00000999  setLeftMotorSpeed             
000009a7  setRightMotorSpeed            
000009b5  setMotorActivation            
000009d1  setMotorDirection             
000009ed  pinInit                       
00000a91  bumpersInit                   
00000b35  __aeabi_memcpy                
00000b35  __aeabi_memcpy4               
00000b35  __aeabi_memcpy8               
00000b35  memcpy                        
00000bd1  __TI_decompress_lzss          
00000c39  __TI_auto_init_nobinit_nopinit
00000c7d  buttonS2Init                  
00000cbd  main                          
00000cf5  _c_int00_noargs               
00000d29  __TI_decompress_none          
00000d37  Reset_Handler                 
00000d43  ADC14_IRQHandler              
00000d43  AES256_IRQHandler             
00000d43  BusFault_Handler              
00000d43  COMP_E0_IRQHandler            
00000d43  COMP_E1_IRQHandler            
00000d43  CS_IRQHandler                 
00000d43  DMA_ERR_IRQHandler            
00000d43  DMA_INT0_IRQHandler           
00000d43  DMA_INT1_IRQHandler           
00000d43  DMA_INT2_IRQHandler           
00000d43  DMA_INT3_IRQHandler           
00000d43  DebugMon_Handler              
00000d43  Default_Handler               
00000d43  EUSCIA0_IRQHandler            
00000d43  EUSCIA1_IRQHandler            
00000d43  EUSCIA2_IRQHandler            
00000d43  EUSCIA3_IRQHandler            
00000d43  EUSCIB0_IRQHandler            
00000d43  EUSCIB1_IRQHandler            
00000d43  EUSCIB2_IRQHandler            
00000d43  EUSCIB3_IRQHandler            
00000d43  FLCTL_IRQHandler              
00000d43  FPU_IRQHandler                
00000d43  HardFault_Handler             
00000d43  MemManage_Handler             
00000d43  NMI_Handler                   
00000d43  PCM_IRQHandler                
00000d43  PORT1_IRQHandler              
00000d43  PORT2_IRQHandler              
00000d43  PORT3_IRQHandler              
00000d43  PORT5_IRQHandler              
00000d43  PORT6_IRQHandler              
00000d43  PSS_IRQHandler                
00000d43  PendSV_Handler                
00000d43  RTC_C_IRQHandler              
00000d43  SVC_Handler                   
00000d43  SysTick_Handler               
00000d43  T32_INT1_IRQHandler           
00000d43  T32_INT2_IRQHandler           
00000d43  T32_INTC_IRQHandler           
00000d43  TA0_N_IRQHandler              
00000d43  TA1_0_IRQHandler              
00000d43  TA1_N_IRQHandler              
00000d43  TA2_0_IRQHandler              
00000d43  TA2_N_IRQHandler              
00000d43  TA3_0_IRQHandler              
00000d43  TA3_N_IRQHandler              
00000d43  UsageFault_Handler            
00000d43  WDT_A_IRQHandler              
00000d45  _system_pre_init              
00000d49  C$$EXIT                       
00000d49  abort                         
00000d64  __TI_Handler_Table_Base       
00000d6c  __TI_CINIT_Base               
00000d6c  __TI_Handler_Table_Limit      
00000d74  __TI_CINIT_Limit              
20000000  ClockFrequency                
20000000  __start___llvm_prf_cnts       
20000000  __stop___llvm_prf_cnts        
20000004  Prewait                       
20000008  CPMwait                       
2000000c  Postwait                      
20000010  IFlags                        
20000014  Crystalstable                 
20000018  active                        
20000019  collisionCounter              
2000001a  fixingRoutine                 
20000020  SystemCoreClock               
2000fe00  __stack                       
20010000  __STACK_END                   
4000480c  WDTCTL_SYM                    
ffffffff  __TI_pprof_out_hndl           
ffffffff  __TI_prof_data_size           
ffffffff  __TI_prof_data_start          
ffffffff  __binit__                     
ffffffff  __c_args__                    
ffffffff  binit                         
UNDEFED   __mpu_init                    
UNDEFED   _system_post_cinit            

[117 symbols]
